Archive member included to satisfy reference by file (symbol)

/home/khdv/workspace/tools/Eco.Framework/Eco.InterfaceBus1/BuildFiles/EcoOS/arm-v7m/StaticRelease/lib00000000000000000000000042757331.a(CEcoInterfaceBus1Factory.o)
                              ../../../SourceFiles/EcoFirmware1.o (GetIEcoComponentFactoryPtr_00000000000000000000000042757331)
/home/khdv/workspace/tools/Eco.Framework/Eco.InterfaceBus1/BuildFiles/EcoOS/arm-v7m/StaticRelease/lib00000000000000000000000042757331.a(CEcoInterfaceBus1.o)
                              /home/khdv/workspace/tools/Eco.Framework/Eco.InterfaceBus1/BuildFiles/EcoOS/arm-v7m/StaticRelease/lib00000000000000000000000042757331.a(CEcoInterfaceBus1Factory.o) (initCEcoInterfaceBus1_42757331)
/home/khdv/workspace/tools/Eco.Framework/Eco.MemoryManager1/BuildFiles/EcoOS/arm-v7m/StaticRelease/lib0000000000000000000000004D656D31.a(CEcoMemoryManager1Factory.o)
                              ../../../SourceFiles/EcoFirmware1.o (GetIEcoComponentFactoryPtr_0000000000000000000000004D656D31)
/home/khdv/workspace/tools/Eco.Framework/Eco.MemoryManager1/BuildFiles/EcoOS/arm-v7m/StaticRelease/lib0000000000000000000000004D656D31.a(CEcoMemoryManager1.o)
                              /home/khdv/workspace/tools/Eco.Framework/Eco.MemoryManager1/BuildFiles/EcoOS/arm-v7m/StaticRelease/lib0000000000000000000000004D656D31.a(CEcoMemoryManager1Factory.o) (initCEcoMemoryManager1_4D656D31)
/home/khdv/workspace/tools/Eco.Framework/Eco.MemoryManager1/BuildFiles/EcoOS/arm-v7m/StaticRelease/lib0000000000000000000000004D656D31.a(CEcoMemoryAllocator1.o)
                              /home/khdv/workspace/tools/Eco.Framework/Eco.MemoryManager1/BuildFiles/EcoOS/arm-v7m/StaticRelease/lib0000000000000000000000004D656D31.a(CEcoMemoryManager1.o) (g_x00000000000000000000B00000000102VTbl_4D656D31)
../../../../Eco.GPIO1/BuildFiles/EcoOS/arm-v7m/StaticDebug/libA70A4C2E9C9645BD91367754D01F101F.a(CEcoGPIO1Factory.o)
                              ../../../SourceFiles/EcoFirmware1.o (GetIEcoComponentFactoryPtr_A70A4C2E9C9645BD91367754D01F101F)
../../../../Eco.GPIO1/BuildFiles/EcoOS/arm-v7m/StaticDebug/libA70A4C2E9C9645BD91367754D01F101F.a(CEcoGPIO1.o)
                              ../../../../Eco.GPIO1/BuildFiles/EcoOS/arm-v7m/StaticDebug/libA70A4C2E9C9645BD91367754D01F101F.a(CEcoGPIO1Factory.o) (initCEcoGPIO1)
../../../../Eco.UART1/BuildFiles/EcoOS/arm-v7m/StaticDebug/libB40E129B56624BD7B5F8339C025F3EF0.a(CEcoUART1Factory.o)
                              ../../../SourceFiles/EcoFirmware1.o (GetIEcoComponentFactoryPtr_B40E129B56624BD7B5F8339C025F3EF0)
../../../../Eco.UART1/BuildFiles/EcoOS/arm-v7m/StaticDebug/libB40E129B56624BD7B5F8339C025F3EF0.a(CEcoUART1.o)
                              ../../../../Eco.UART1/BuildFiles/EcoOS/arm-v7m/StaticDebug/libB40E129B56624BD7B5F8339C025F3EF0.a(CEcoUART1Factory.o) (initCEcoUART1_025F3EF0)
../../../../Eco.UART1/BuildFiles/EcoOS/arm-v7m/StaticDebug/libB40E129B56624BD7B5F8339C025F3EF0.a(CEcoUART1Device.o)
                              ../../../../Eco.UART1/BuildFiles/EcoOS/arm-v7m/StaticDebug/libB40E129B56624BD7B5F8339C025F3EF0.a(CEcoUART1.o) (createCEcoUART1Device_025F3EF0)
../../../../Eco.ModBus1/BuildFiles/EcoOS/arm-v7m/StaticDebug/libD3D7232DDB6940469D2B535BA10E8757.a(CEcoModBus1Factory.o)
                              ../../../SourceFiles/EcoFirmware1.o (GetIEcoComponentFactoryPtr_D3D7232DDB6940469D2B535BA10E8757)
../../../../Eco.ModBus1/BuildFiles/EcoOS/arm-v7m/StaticDebug/libD3D7232DDB6940469D2B535BA10E8757.a(CEcoModBus1.o)
                              ../../../../Eco.ModBus1/BuildFiles/EcoOS/arm-v7m/StaticDebug/libD3D7232DDB6940469D2B535BA10E8757.a(CEcoModBus1Factory.o) (initCEcoModBus1_A10E8757)
../../../../Eco.ModBus1.SL/BuildFiles/EcoOS/arm-v7m/StaticDebug/libDA26D759A46F405F9977CB5AA9153876.a(CEcoModBus1SLFactory.o)
                              ../../../SourceFiles/EcoFirmware1.o (GetIEcoComponentFactoryPtr_DA26D759A46F405F9977CB5AA9153876)
../../../../Eco.ModBus1.SL/BuildFiles/EcoOS/arm-v7m/StaticDebug/libDA26D759A46F405F9977CB5AA9153876.a(CEcoModBus1SL.o)
                              ../../../../Eco.ModBus1.SL/BuildFiles/EcoOS/arm-v7m/StaticDebug/libDA26D759A46F405F9977CB5AA9153876.a(CEcoModBus1SLFactory.o) (initCEcoModBus1SL_A9153876)

There are no discarded input sections

Memory Configuration

Name             Origin             Length             Attributes
RAM              0x20000000         0x00020000         xrw
FLASH            0x08000000         0x00080000         xr
*default*        0x00000000         0xffffffff

Linker script and memory map

LOAD /home/khdv/workspace/tools/Eco.Framework/Eco.InterfaceBus1/BuildFiles/EcoOS/arm-v7m/StaticRelease/lib00000000000000000000000042757331.a
LOAD /home/khdv/workspace/tools/Eco.Framework/Eco.MemoryManager1/BuildFiles/EcoOS/arm-v7m/StaticRelease/lib0000000000000000000000004D656D31.a
LOAD ../../../../Eco.GPIO1/BuildFiles/EcoOS/arm-v7m/StaticDebug/libA70A4C2E9C9645BD91367754D01F101F.a
LOAD ../../../../Eco.UART1/BuildFiles/EcoOS/arm-v7m/StaticDebug/libB40E129B56624BD7B5F8339C025F3EF0.a
LOAD ../../../../Eco.ModBus1/BuildFiles/EcoOS/arm-v7m/StaticDebug/libD3D7232DDB6940469D2B535BA10E8757.a
LOAD ../../../../Eco.ModBus1.SL/BuildFiles/EcoOS/arm-v7m/StaticDebug/libDA26D759A46F405F9977CB5AA9153876.a
                0x20020000                        _estack = (ORIGIN (RAM) + LENGTH (RAM))
                0x00000200                        _Min_Heap_Size = 0x200
                0x00000400                        _Min_Stack_Size = 0x400

.isr_vector     0x08000000      0x198
                0x08000000                        . = ALIGN (0x4)
 *(.isr_vector)
 .isr_vector    0x08000000      0x198 ../../../SourceFiles/arm/startup.o
                0x08000000                vector_table
                0x08000198                        . = ALIGN (0x4)

.text           0x08000198     0x6500
                0x08000198                        . = ALIGN (0x4)
 *(.text)
 .text          0x08000198     0x1018 ../../../SourceFiles/EcoFirmware1.o
                0x08000264                Eco_IncTick
                0x08000280                SysTick_Handler
                0x0800028c                Eco_GetTick
                0x080002a0                delay
                0x080002e0                EcoClockConfigure
                0x08000430                EcoUartTransmit
                0x08000550                EcoUartReceive
                0x08000610                EcoStartup
 .text          0x080011b0       0x8c ../../../SourceFiles/arm/startup.o
                0x080011b0                Default_Handler
                0x080011b8                Reset_Handler
 .text          0x0800123c      0x12c /home/khdv/workspace/tools/Eco.Framework/Eco.InterfaceBus1/BuildFiles/EcoOS/arm-v7m/StaticRelease/lib00000000000000000000000042757331.a(CEcoInterfaceBus1Factory.o)
                0x08001348                IsEqualUGUID_00000000000000000000000042757331
 .text          0x08001368      0x4d0 /home/khdv/workspace/tools/Eco.Framework/Eco.InterfaceBus1/BuildFiles/EcoOS/arm-v7m/StaticRelease/lib00000000000000000000000042757331.a(CEcoInterfaceBus1.o)
                0x0800179c                initCEcoInterfaceBus1_42757331
                0x080017a8                createCEcoInterfaceBus1_42757331
                0x08001800                deleteCEcoInterfaceBus1_42757331
 .text          0x08001838      0x1b0 /home/khdv/workspace/tools/Eco.Framework/Eco.MemoryManager1/BuildFiles/EcoOS/arm-v7m/StaticRelease/lib0000000000000000000000004D656D31.a(CEcoMemoryManager1Factory.o)
 .text          0x080019e8      0x1f4 /home/khdv/workspace/tools/Eco.Framework/Eco.MemoryManager1/BuildFiles/EcoOS/arm-v7m/StaticRelease/lib0000000000000000000000004D656D31.a(CEcoMemoryManager1.o)
                0x08001b70                initCEcoMemoryManager1_4D656D31
                0x08001b7c                createCEcoMemoryManager1_4D656D31
                0x08001bd0                deleteCEcoMemoryManager1_4D656D31
 .text          0x08001bdc      0x448 /home/khdv/workspace/tools/Eco.Framework/Eco.MemoryManager1/BuildFiles/EcoOS/arm-v7m/StaticRelease/lib0000000000000000000000004D656D31.a(CEcoMemoryAllocator1.o)
 .text          0x08002024      0x258 ../../../../Eco.GPIO1/BuildFiles/EcoOS/arm-v7m/StaticDebug/libA70A4C2E9C9645BD91367754D01F101F.a(CEcoGPIO1Factory.o)
                0x08002024                IsEqualUGUID_A70A4C2E9C9645BD91367754D01F101F
                0x08002074                CEcoGPIO1Factory_QueryInterface
                0x080020d0                CEcoGPIO1Factory_AddRef
                0x08002100                CEcoGPIO1Factory_Release
                0x0800213c                CEcoGPIO1Factory_Init
                0x08002178                CEcoGPIO1Factory_Alloc
                0x08002210                CEcoGPIO1Factory_get_Name
                0x08002234                CEcoGPIO1Factory_get_Version
                0x08002258                CEcoGPIO1Factory_get_Manufacturer
 .text          0x0800227c      0x9ac ../../../../Eco.GPIO1/BuildFiles/EcoOS/arm-v7m/StaticDebug/libA70A4C2E9C9645BD91367754D01F101F.a(CEcoGPIO1.o)
                0x0800227c                CEcoGPIO1_QueryInterface
                0x0800234c                CEcoGPIO1_AddRef
                0x0800237c                CEcoGPIO1_Release
                0x080023bc                CEcoGPIO1_set_Mode
                0x0800255a                CEcoGPIO1_set_Data
                0x08002620                CEcoGPIO1_get_Data
                0x0800271a                CEcoGPIO1_STM32Config_QueryInterface
                0x080027ec                CEcoGPIO1_STM32Config_AddRef
                0x0800281e                CEcoGPIO1_STM32Config_Release
                0x08002860                CEcoGPIO1_STM32Config_set_ConfigDescriptor
                0x080028d8                CEcoGPIO1_STM32Config_get_ConfigDescriptor
                0x08002940                CEcoGPIO1_STM32Config_set_LogicalPinNumber
                0x080029f6                CEcoRCC1_STM32Config_QueryInterface
                0x08002ac8                CEcoRCC1_STM32Config_AddRef
                0x08002afa                CEcoRCC1_STM32Config_Release
                0x08002b3c                CEcoRCC1_STM32Config_set_ConfigDescriptor
                0x08002b70                CEcoRCC1_STM32Config_get_ConfigDescriptor
                0x08002b96                initCEcoGPIO1
                0x08002bbe                createCEcoGPIO1
                0x08002c14                deleteCEcoGPIO1
 .text          0x08002c28      0x268 ../../../../Eco.UART1/BuildFiles/EcoOS/arm-v7m/StaticDebug/libB40E129B56624BD7B5F8339C025F3EF0.a(CEcoUART1Factory.o)
                0x08002c28                IsEqualUGUIDB40E129B56624BD7B5F8339C025F3EF0
                0x08002c78                CEcoUART1Factory_025F3EF0_QueryInterface
                0x08002cd4                CEcoUART1Factory_025F3EF0_AddRef
                0x08002d04                CEcoUART1Factory_025F3EF0_Release
                0x08002d40                CEcoUART1Factory_025F3EF0_Init
                0x08002d7c                CEcoUART1Factory_025F3EF0_Alloc
                0x08002e24                CEcoUART1Factory_025F3EF0_get_Name
                0x08002e48                CEcoUART1Factory_025F3EF0_get_Version
                0x08002e6c                CEcoUART1Factory_025F3EF0_get_Manufacturer
 .text          0x08002e90      0x1b4 ../../../../Eco.UART1/BuildFiles/EcoOS/arm-v7m/StaticDebug/libB40E129B56624BD7B5F8339C025F3EF0.a(CEcoUART1.o)
                0x08002e90                CEcoUART1_025F3EF0_QueryInterface
                0x08002f18                CEcoUART1_025F3EF0_AddRef
                0x08002f48                CEcoUART1_025F3EF0_Release
                0x08002f88                CEcoUART1_025F3EF0_new_Device
                0x08002fba                initCEcoUART1_025F3EF0
                0x08002fec                createCEcoUART1_025F3EF0
                0x08003030                deleteCEcoUART1_025F3EF0
 .text          0x08003044      0xb10 ../../../../Eco.UART1/BuildFiles/EcoOS/arm-v7m/StaticDebug/libB40E129B56624BD7B5F8339C025F3EF0.a(CEcoUART1Device.o)
                0x08003044                CEcoUART1Device_025F3EF0_QueryInterface
                0x08003140                CEcoUART1Device_025F3EF0_AddRef
                0x08003170                CEcoUART1Device_025F3EF0_Release
                0x080031b0                CEcoUART1Device_025F3EF0_Connect
                0x08003304                CEcoUART1Device_025F3EF0_Disconnect
                0x08003358                CEcoUART1Device_025F3EF0_Transmit
                0x0800338c                CEcoUART1Device_025F3EF0_Receive
                0x080033ec                CEcoUART1Device_025F3EF0_Config_QueryInterface
                0x080034ec                CEcoUART1Device_025F3EF0_Config_AddRef
                0x0800351e                CEcoUART1Device_025F3EF0_Config_Release
                0x08003560                CEcoUART1Device_025F3EF0_Config_set_ConfigDescriptor
                0x08003594                CEcoUART1Device_025F3EF0_Config_get_ConfigDescriptor
                0x080035ba                CEcoUART1Device_025F3EF0_GPIOConfig_QueryInterface
                0x08003690                CEcoUART1Device_025F3EF0_GPIOConfig_AddRef
                0x080036c2                CEcoUART1Device_025F3EF0_GPIOConfig_Release
                0x08003704                CEcoUART1Device_025F3EF0_GPIOConfig_set_ConfigDescriptor
                0x0800377e                CEcoUART1Device_025F3EF0_GPIOConfig_get_ConfigDescriptor
                0x080037e6                CEcoUART1Device_025F3EF0_GPIOConfig_set_LogicalPinNumber
                0x080038da                CEcoUART1Device_025F3EF0_RCCConfig_QueryInterface
                0x080039d8                CEcoUART1Device_025F3EF0_RCCConfig_AddRef
                0x08003a0a                CEcoUART1Device_025F3EF0_RCCConfig_Release
                0x08003a4c                CEcoUART1Device_025F3EF0_RCCConfig_set_ConfigDescriptor
                0x08003a80                CEcoUART1Device_025F3EF0_RCCConfig_get_ConfigDescriptor
                0x08003aa6                createCEcoUART1Device_025F3EF0
                0x08003b40                deleteCEcoUART1Device_025F3EF0
 .text          0x08003b54      0x5ac ../../../../Eco.ModBus1/BuildFiles/EcoOS/arm-v7m/StaticDebug/libD3D7232DDB6940469D2B535BA10E8757.a(CEcoModBus1Factory.o)
 .text          0x08004100      0x8a8 ../../../../Eco.ModBus1/BuildFiles/EcoOS/arm-v7m/StaticDebug/libD3D7232DDB6940469D2B535BA10E8757.a(CEcoModBus1.o)
                0x0800474a                initCEcoModBus1_A10E8757
                0x080047bc                createCEcoModBus1_A10E8757
                0x08004954                deleteCEcoModBus1_A10E8757
 .text          0x080049a8      0x5ac ../../../../Eco.ModBus1.SL/BuildFiles/EcoOS/arm-v7m/StaticDebug/libDA26D759A46F405F9977CB5AA9153876.a(CEcoModBus1SLFactory.o)
 *fill*         0x08004f54        0x4 
 .text          0x08004f58     0x1740 ../../../../Eco.ModBus1.SL/BuildFiles/EcoOS/arm-v7m/StaticDebug/libDA26D759A46F405F9977CB5AA9153876.a(CEcoModBus1SL.o)
                0x08005eba                initCEcoModBus1SL_A9153876
                0x0800647a                createCEcoModBus1SL_A9153876
                0x0800662c                deleteCEcoModBus1SL_A9153876
 *(.text*)
 *(.glue_7)
 .glue_7        0x08006698        0x0 linker stubs
 *(.glue_7t)
 .glue_7t       0x08006698        0x0 linker stubs
 *(.eh_frame)
 *(.init)
 *(.fini)
                0x08006698                        . = ALIGN (0x4)
                0x08006698                        _etext = .

.vfp11_veneer   0x08006698        0x0
 .vfp11_veneer  0x08006698        0x0 linker stubs

.v4_bx          0x08006698        0x0
 .v4_bx         0x08006698        0x0 linker stubs

.iplt           0x08006698        0x0
 .iplt          0x08006698        0x0 ../../../SourceFiles/EcoFirmware1.o

.rodata         0x08006698     0x13d0
                0x08006698                        . = ALIGN (0x4)
 *(.rodata)
 .rodata        0x08006698      0x2bc ../../../SourceFiles/EcoFirmware1.o
                0x08006934                AHBPrescTable
                0x08006944                APBPrescTable
                0x0800694c                DELAY_MAX
 .rodata        0x08006954       0x26 /home/khdv/workspace/tools/Eco.Framework/Eco.InterfaceBus1/BuildFiles/EcoOS/arm-v7m/StaticRelease/lib00000000000000000000000042757331.a(CEcoInterfaceBus1Factory.o)
 *fill*         0x0800697a        0x2 
 .rodata        0x0800697c       0x76 /home/khdv/workspace/tools/Eco.Framework/Eco.InterfaceBus1/BuildFiles/EcoOS/arm-v7m/StaticRelease/lib00000000000000000000000042757331.a(CEcoInterfaceBus1.o)
 *fill*         0x080069f2        0x2 
 .rodata        0x080069f4      0x17a ../../../../Eco.GPIO1/BuildFiles/EcoOS/arm-v7m/StaticDebug/libA70A4C2E9C9645BD91367754D01F101F.a(CEcoGPIO1Factory.o)
 *fill*         0x08006b6e        0x2 
 .rodata        0x08006b70      0x18e ../../../../Eco.GPIO1/BuildFiles/EcoOS/arm-v7m/StaticDebug/libA70A4C2E9C9645BD91367754D01F101F.a(CEcoGPIO1.o)
 *fill*         0x08006cfe        0x2 
 .rodata        0x08006d00      0x18e ../../../../Eco.UART1/BuildFiles/EcoOS/arm-v7m/StaticDebug/libB40E129B56624BD7B5F8339C025F3EF0.a(CEcoUART1Factory.o)
 *fill*         0x08006e8e        0x2 
 .rodata        0x08006e90      0x1de ../../../../Eco.UART1/BuildFiles/EcoOS/arm-v7m/StaticDebug/libB40E129B56624BD7B5F8339C025F3EF0.a(CEcoUART1.o)
 *fill*         0x0800706e        0x2 
 .rodata        0x08007070      0x1e8 ../../../../Eco.UART1/BuildFiles/EcoOS/arm-v7m/StaticDebug/libB40E129B56624BD7B5F8339C025F3EF0.a(CEcoUART1Device.o)
 .rodata        0x08007258      0x17a ../../../../Eco.ModBus1/BuildFiles/EcoOS/arm-v7m/StaticDebug/libD3D7232DDB6940469D2B535BA10E8757.a(CEcoModBus1Factory.o)
 *fill*         0x080073d2        0x2 
 .rodata        0x080073d4      0x1a2 ../../../../Eco.ModBus1/BuildFiles/EcoOS/arm-v7m/StaticDebug/libD3D7232DDB6940469D2B535BA10E8757.a(CEcoModBus1.o)
 *fill*         0x08007576        0x2 
 .rodata        0x08007578      0x22e ../../../../Eco.ModBus1.SL/BuildFiles/EcoOS/arm-v7m/StaticDebug/libDA26D759A46F405F9977CB5AA9153876.a(CEcoModBus1SLFactory.o)
 *fill*         0x080077a6        0x2 
 .rodata        0x080077a8      0x26a ../../../../Eco.ModBus1.SL/BuildFiles/EcoOS/arm-v7m/StaticDebug/libDA26D759A46F405F9977CB5AA9153876.a(CEcoModBus1SL.o)
 *(.rodata*)
 *fill*         0x08007a12        0x2 
 .rodata.str1.4
                0x08007a14       0x52 /home/khdv/workspace/tools/Eco.Framework/Eco.InterfaceBus1/BuildFiles/EcoOS/arm-v7m/StaticRelease/lib00000000000000000000000042757331.a(CEcoInterfaceBus1.o)
                0x08007a68                        . = ALIGN (0x4)
 *fill*         0x08007a66        0x2 

.rel.dyn        0x08007a68        0x0
 .rel.iplt      0x08007a68        0x0 ../../../SourceFiles/EcoFirmware1.o

.ARM            0x08007a68        0x0
                0x08007a68                        . = ALIGN (0x4)
                0x08007a68                        __exidx_start = .
 *(.ARM.exidx*)
                0x08007a68                        __exidx_end = .
                0x08007a68                        . = ALIGN (0x4)
                0x08007a68                        _lddata = LOADADDR (.data)

.data           0x20000000      0xae4 load address 0x08007a68
                0x20000000                        . = ALIGN (0x4)
                0x20000000                        _sdata = .
 *(.data)
 .data          0x20000000        0x4 ../../../SourceFiles/EcoFirmware1.o
                0x20000000                isLoop
 .data          0x20000004        0x0 ../../../SourceFiles/arm/startup.o
 .data          0x20000004       0xc4 /home/khdv/workspace/tools/Eco.Framework/Eco.InterfaceBus1/BuildFiles/EcoOS/arm-v7m/StaticRelease/lib00000000000000000000000042757331.a(CEcoInterfaceBus1Factory.o)
                0x20000004                GetIEcoComponentFactoryPtr_00000000000000000000000042757331
                0x20000008                g_x00000000000000000000000042757331Factory
                0x200000a8                g_x00000000000000000000000042757331FactoryVTbl
 .data          0x200000c8       0x58 /home/khdv/workspace/tools/Eco.Framework/Eco.InterfaceBus1/BuildFiles/EcoOS/arm-v7m/StaticRelease/lib00000000000000000000000042757331.a(CEcoInterfaceBus1.o)
                0x200000c8                g_x00000000000000000000A00000000101VTbl_42757331
                0x200000e8                g_x00000000000000000000000000000100VTbl_42757331
                0x200000fc                g_x00000000000000000000A00100000101VTbl_42757331
                0x20000114                g_Errors
 .data          0x20000120       0xc4 /home/khdv/workspace/tools/Eco.Framework/Eco.MemoryManager1/BuildFiles/EcoOS/arm-v7m/StaticRelease/lib0000000000000000000000004D656D31.a(CEcoMemoryManager1Factory.o)
                0x20000120                GetIEcoComponentFactoryPtr_0000000000000000000000004D656D31
                0x20000124                g_x0000000000000000000000004D656D31Factory
                0x200001c4                g_x0000000000000000000000004D656D31FactoryVTbl
 .data          0x200001e4       0x18 /home/khdv/workspace/tools/Eco.Framework/Eco.MemoryManager1/BuildFiles/EcoOS/arm-v7m/StaticRelease/lib0000000000000000000000004D656D31.a(CEcoMemoryManager1.o)
                0x200001e4                g_x00000000000000000000B00000000101VTbl_4D656D31
 .data          0x200001fc       0x38 /home/khdv/workspace/tools/Eco.Framework/Eco.MemoryManager1/BuildFiles/EcoOS/arm-v7m/StaticRelease/lib0000000000000000000000004D656D31.a(CEcoMemoryAllocator1.o)
                0x200001fc                g_x00000000000000000000B00000000102VTbl_4D656D31
                0x20000224                hex
 .data          0x20000234       0xc4 ../../../../Eco.GPIO1/BuildFiles/EcoOS/arm-v7m/StaticDebug/libA70A4C2E9C9645BD91367754D01F101F.a(CEcoGPIO1Factory.o)
                0x20000234                g_xA70A4C2E9C9645BD91367754D01F101FFactoryVTbl
                0x20000254                g_xA70A4C2E9C9645BD91367754D01F101FFactory
                0x200002f4                GetIEcoComponentFactoryPtr_A70A4C2E9C9645BD91367754D01F101F
 .data          0x200002f8       0xa4 ../../../../Eco.GPIO1/BuildFiles/EcoOS/arm-v7m/StaticDebug/libA70A4C2E9C9645BD91367754D01F101F.a(CEcoGPIO1.o)
                0x200002f8                g_x96EBAA047B4E4BDE914D8C3C57F48F2FVTbl_D01F101F
                0x20000310                g_D9671208DCAD444890AA5F4825055DFAVTbl
                0x20000328                g_21F17A2862264966A6CEB207CDB6CB1CVTbl
                0x2000033c                g_x96EBAA047B4E4BDE914D8C3C57F48F2FGPIO1_D01F101F
 .data          0x2000039c       0xc4 ../../../../Eco.UART1/BuildFiles/EcoOS/arm-v7m/StaticDebug/libB40E129B56624BD7B5F8339C025F3EF0.a(CEcoUART1Factory.o)
                0x2000039c                g_xB40E129B56624BD7B5F8339C025F3EF0FactoryVTbl
                0x200003bc                g_xB40E129B56624BD7B5F8339C025F3EF0Factory
                0x2000045c                GetIEcoComponentFactoryPtr_B40E129B56624BD7B5F8339C025F3EF0
 .data          0x20000460       0x24 ../../../../Eco.UART1/BuildFiles/EcoOS/arm-v7m/StaticDebug/libB40E129B56624BD7B5F8339C025F3EF0.a(CEcoUART1.o)
                0x20000460                g_xB40E129B56624BD7B5F8339C025F3EF0VTbl_025F3EF0
                0x20000470                g_xB40E129B56624BD7B5F8339C025F3EF0UART1
 .data          0x20000484       0x5c ../../../../Eco.UART1/BuildFiles/EcoOS/arm-v7m/StaticDebug/libB40E129B56624BD7B5F8339C025F3EF0.a(CEcoUART1Device.o)
                0x20000484                g_x6B754B247D03435BB5E22165A2041862VTbl_025F3EF0
                0x200004a0                g_x45B766B1B8364345BFF269BF659FD3DCVTbl_025F3EF0
                0x200004b4                g_xD9671208DCAD444890AA5F4825055DFAVTbl_025F3EF0
                0x200004cc                g_x4D3E712D5B2A41D5B2D50CE55B33120FVTbl_025F3EF0
 .data          0x200004e0       0xc4 ../../../../Eco.ModBus1/BuildFiles/EcoOS/arm-v7m/StaticDebug/libD3D7232DDB6940469D2B535BA10E8757.a(CEcoModBus1Factory.o)
                0x200004e0                g_xD3D7232DDB6940469D2B535BA10E8757FactoryVTbl
                0x20000500                g_xD3D7232DDB6940469D2B535BA10E8757Factory
                0x200005a0                GetIEcoComponentFactoryPtr_D3D7232DDB6940469D2B535BA10E8757
 .data          0x200005a4       0x14 ../../../../Eco.ModBus1/BuildFiles/EcoOS/arm-v7m/StaticDebug/libD3D7232DDB6940469D2B535BA10E8757.a(CEcoModBus1.o)
                0x200005a4                g_x74AB8CD0056F4D048F855D2FC8A9F3D0VTbl_A10E8757
 .data          0x200005b8      0x2c4 ../../../../Eco.ModBus1.SL/BuildFiles/EcoOS/arm-v7m/StaticDebug/libDA26D759A46F405F9977CB5AA9153876.a(CEcoModBus1SLFactory.o)
                0x200007b8                g_xDA26D759A46F405F9977CB5AA9153876FactoryVTbl
                0x200007d8                g_xDA26D759A46F405F9977CB5AA9153876Factory
                0x20000878                GetIEcoComponentFactoryPtr_DA26D759A46F405F9977CB5AA9153876
 .data          0x2000087c      0x268 ../../../../Eco.ModBus1.SL/BuildFiles/EcoOS/arm-v7m/StaticDebug/libDA26D759A46F405F9977CB5AA9153876.a(CEcoModBus1SL.o)
                0x20000a7c                g_x941CA1AA58374485AE010CBEAA9924D8VTbl_A9153876
                0x20000aa4                g_xF461F8FE4FA74E4D88C6DCCA8A2B795CVTbl_A9153876
                0x20000ac4                g_xA060458B14A84C9DAE26A15C22D8E8ECVTbl_A9153876
 *(.data*)
                0x20000ae4                        . = ALIGN (0x4)
                0x20000ae4                        _edata = .

.igot.plt       0x20000ae4        0x0 load address 0x0800854c
 .igot.plt      0x20000ae4        0x0 ../../../SourceFiles/EcoFirmware1.o

.bss            0x20000ae8      0x284 load address 0x0800854c
                0x20000ae8                        . = ALIGN (0x4)
                0x20000ae8                        _sbss = .
                0x20000ae8                        __bss_start__ = _sbss
 *(.bss)
 .bss           0x20000ae8        0x4 ../../../SourceFiles/EcoFirmware1.o
 .bss           0x20000aec        0x0 ../../../SourceFiles/arm/startup.o
 .bss           0x20000aec        0x0 /home/khdv/workspace/tools/Eco.Framework/Eco.InterfaceBus1/BuildFiles/EcoOS/arm-v7m/StaticRelease/lib00000000000000000000000042757331.a(CEcoInterfaceBus1Factory.o)
 *fill*         0x20000aec        0x4 
 .bss           0x20000af0       0xe8 /home/khdv/workspace/tools/Eco.Framework/Eco.InterfaceBus1/BuildFiles/EcoOS/arm-v7m/StaticRelease/lib00000000000000000000000042757331.a(CEcoInterfaceBus1.o)
                0x20000af0                g_xCEcoFactoryList1_42757331
                0x20000ba8                g_x00000000000000000000A00000000101_42757331
 .bss           0x20000bd8        0x0 /home/khdv/workspace/tools/Eco.Framework/Eco.MemoryManager1/BuildFiles/EcoOS/arm-v7m/StaticRelease/lib0000000000000000000000004D656D31.a(CEcoMemoryManager1Factory.o)
 .bss           0x20000bd8       0x34 /home/khdv/workspace/tools/Eco.Framework/Eco.MemoryManager1/BuildFiles/EcoOS/arm-v7m/StaticRelease/lib0000000000000000000000004D656D31.a(CEcoMemoryManager1.o)
                0x20000bd8                g_xMemMgr1_4D656D31
 .bss           0x20000c0c       0x10 /home/khdv/workspace/tools/Eco.Framework/Eco.MemoryManager1/BuildFiles/EcoOS/arm-v7m/StaticRelease/lib0000000000000000000000004D656D31.a(CEcoMemoryAllocator1.o)
                0x20000c0c                buf
 .bss           0x20000c1c        0x0 ../../../../Eco.GPIO1/BuildFiles/EcoOS/arm-v7m/StaticDebug/libA70A4C2E9C9645BD91367754D01F101F.a(CEcoGPIO1Factory.o)
 .bss           0x20000c1c        0x0 ../../../../Eco.GPIO1/BuildFiles/EcoOS/arm-v7m/StaticDebug/libA70A4C2E9C9645BD91367754D01F101F.a(CEcoGPIO1.o)
 .bss           0x20000c1c        0x0 ../../../../Eco.UART1/BuildFiles/EcoOS/arm-v7m/StaticDebug/libB40E129B56624BD7B5F8339C025F3EF0.a(CEcoUART1Factory.o)
 .bss           0x20000c1c        0x0 ../../../../Eco.UART1/BuildFiles/EcoOS/arm-v7m/StaticDebug/libB40E129B56624BD7B5F8339C025F3EF0.a(CEcoUART1.o)
 .bss           0x20000c1c      0x150 ../../../../Eco.UART1/BuildFiles/EcoOS/arm-v7m/StaticDebug/libB40E129B56624BD7B5F8339C025F3EF0.a(CEcoUART1Device.o)
                0x20000c1c                g_xB40E129B56624BD7B5F8339C025F3EF0UART1Device
 .bss           0x20000d6c        0x0 ../../../../Eco.ModBus1/BuildFiles/EcoOS/arm-v7m/StaticDebug/libD3D7232DDB6940469D2B535BA10E8757.a(CEcoModBus1Factory.o)
 .bss           0x20000d6c        0x0 ../../../../Eco.ModBus1/BuildFiles/EcoOS/arm-v7m/StaticDebug/libD3D7232DDB6940469D2B535BA10E8757.a(CEcoModBus1.o)
 .bss           0x20000d6c        0x0 ../../../../Eco.ModBus1.SL/BuildFiles/EcoOS/arm-v7m/StaticDebug/libDA26D759A46F405F9977CB5AA9153876.a(CEcoModBus1SLFactory.o)
 .bss           0x20000d6c        0x0 ../../../../Eco.ModBus1.SL/BuildFiles/EcoOS/arm-v7m/StaticDebug/libDA26D759A46F405F9977CB5AA9153876.a(CEcoModBus1SL.o)
 *(.bss.*)
 *(COMMON)
                0x20000d6c                        . = ALIGN (0x4)
                0x20000d6c                        _ebss = .
                0x20000d6c                        __bss_end__ = _ebss

._user_heap_stack
                0x20000d6c      0x604 load address 0x0800854c
                0x20000d70                        . = ALIGN (0x8)
 *fill*         0x20000d6c        0x4 
                0x20000d70                        end = .
                0x20000d70                        _end = .
                0x20000d70                        __end__ = .
                0x20000f70                        . = (. + _Min_Heap_Size)
 *fill*         0x20000d70      0x200 
                0x20001370                        . = (. + _Min_Stack_Size)
 *fill*         0x20000f70      0x400 
                0x20001370                        . = ALIGN (0x8)

.ARM.attributes
                0x00000000       0x2e
 *(.ARM.attributes)
 .ARM.attributes
                0x00000000       0x2e ../../../SourceFiles/EcoFirmware1.o
 .ARM.attributes
                0x0000002e       0x2e ../../../SourceFiles/arm/startup.o
 .ARM.attributes
                0x0000005c       0x2e /home/khdv/workspace/tools/Eco.Framework/Eco.InterfaceBus1/BuildFiles/EcoOS/arm-v7m/StaticRelease/lib00000000000000000000000042757331.a(CEcoInterfaceBus1Factory.o)
 .ARM.attributes
                0x0000008a       0x2e /home/khdv/workspace/tools/Eco.Framework/Eco.InterfaceBus1/BuildFiles/EcoOS/arm-v7m/StaticRelease/lib00000000000000000000000042757331.a(CEcoInterfaceBus1.o)
 .ARM.attributes
                0x000000b8       0x2e /home/khdv/workspace/tools/Eco.Framework/Eco.MemoryManager1/BuildFiles/EcoOS/arm-v7m/StaticRelease/lib0000000000000000000000004D656D31.a(CEcoMemoryManager1Factory.o)
 .ARM.attributes
                0x000000e6       0x2e /home/khdv/workspace/tools/Eco.Framework/Eco.MemoryManager1/BuildFiles/EcoOS/arm-v7m/StaticRelease/lib0000000000000000000000004D656D31.a(CEcoMemoryManager1.o)
 .ARM.attributes
                0x00000114       0x2e /home/khdv/workspace/tools/Eco.Framework/Eco.MemoryManager1/BuildFiles/EcoOS/arm-v7m/StaticRelease/lib0000000000000000000000004D656D31.a(CEcoMemoryAllocator1.o)
 .ARM.attributes
                0x00000142       0x2e ../../../../Eco.GPIO1/BuildFiles/EcoOS/arm-v7m/StaticDebug/libA70A4C2E9C9645BD91367754D01F101F.a(CEcoGPIO1Factory.o)
 .ARM.attributes
                0x00000170       0x2e ../../../../Eco.GPIO1/BuildFiles/EcoOS/arm-v7m/StaticDebug/libA70A4C2E9C9645BD91367754D01F101F.a(CEcoGPIO1.o)
 .ARM.attributes
                0x0000019e       0x2e ../../../../Eco.UART1/BuildFiles/EcoOS/arm-v7m/StaticDebug/libB40E129B56624BD7B5F8339C025F3EF0.a(CEcoUART1Factory.o)
 .ARM.attributes
                0x000001cc       0x2e ../../../../Eco.UART1/BuildFiles/EcoOS/arm-v7m/StaticDebug/libB40E129B56624BD7B5F8339C025F3EF0.a(CEcoUART1.o)
 .ARM.attributes
                0x000001fa       0x2e ../../../../Eco.UART1/BuildFiles/EcoOS/arm-v7m/StaticDebug/libB40E129B56624BD7B5F8339C025F3EF0.a(CEcoUART1Device.o)
 .ARM.attributes
                0x00000228       0x2e ../../../../Eco.ModBus1/BuildFiles/EcoOS/arm-v7m/StaticDebug/libD3D7232DDB6940469D2B535BA10E8757.a(CEcoModBus1Factory.o)
 .ARM.attributes
                0x00000256       0x2e ../../../../Eco.ModBus1/BuildFiles/EcoOS/arm-v7m/StaticDebug/libD3D7232DDB6940469D2B535BA10E8757.a(CEcoModBus1.o)
 .ARM.attributes
                0x00000284       0x2e ../../../../Eco.ModBus1.SL/BuildFiles/EcoOS/arm-v7m/StaticDebug/libDA26D759A46F405F9977CB5AA9153876.a(CEcoModBus1SLFactory.o)
 .ARM.attributes
                0x000002b2       0x2e ../../../../Eco.ModBus1.SL/BuildFiles/EcoOS/arm-v7m/StaticDebug/libDA26D759A46F405F9977CB5AA9153876.a(CEcoModBus1SL.o)
LOAD ../../../SourceFiles/EcoFirmware1.o
LOAD ../../../SourceFiles/arm/startup.o
LOAD /home/khdv/workspace/tools/Eco.Framework/Eco.InterfaceBus1/BuildFiles/EcoOS/arm-v7m/StaticRelease/lib00000000000000000000000042757331.a
LOAD /home/khdv/workspace/tools/Eco.Framework/Eco.MemoryManager1/BuildFiles/EcoOS/arm-v7m/StaticRelease/lib0000000000000000000000004D656D31.a
LOAD ../../../../Eco.GPIO1/BuildFiles/EcoOS/arm-v7m/StaticDebug/libA70A4C2E9C9645BD91367754D01F101F.a
LOAD ../../../../Eco.UART1/BuildFiles/EcoOS/arm-v7m/StaticDebug/libB40E129B56624BD7B5F8339C025F3EF0.a
LOAD ../../../../Eco.ModBus1/BuildFiles/EcoOS/arm-v7m/StaticDebug/libD3D7232DDB6940469D2B535BA10E8757.a
LOAD ../../../../Eco.ModBus1.SL/BuildFiles/EcoOS/arm-v7m/StaticDebug/libDA26D759A46F405F9977CB5AA9153876.a
OUTPUT(../../../BuildFiles/EcoOS/arm-v7m//StaticDebug/EcoSBv1STM32FW.elf elf32-littlearm)
LOAD linker stubs

.debug_info     0x00000000     0xae7f
 .debug_info    0x00000000     0x1f53 ../../../SourceFiles/EcoFirmware1.o
 .debug_info    0x00001f53      0x181 ../../../SourceFiles/arm/startup.o
 .debug_info    0x000020d4      0x99e ../../../../Eco.GPIO1/BuildFiles/EcoOS/arm-v7m/StaticDebug/libA70A4C2E9C9645BD91367754D01F101F.a(CEcoGPIO1Factory.o)
 .debug_info    0x00002a72     0x1345 ../../../../Eco.GPIO1/BuildFiles/EcoOS/arm-v7m/StaticDebug/libA70A4C2E9C9645BD91367754D01F101F.a(CEcoGPIO1.o)
 .debug_info    0x00003db7      0xaea ../../../../Eco.UART1/BuildFiles/EcoOS/arm-v7m/StaticDebug/libB40E129B56624BD7B5F8339C025F3EF0.a(CEcoUART1Factory.o)
 .debug_info    0x000048a1      0xb7a ../../../../Eco.UART1/BuildFiles/EcoOS/arm-v7m/StaticDebug/libB40E129B56624BD7B5F8339C025F3EF0.a(CEcoUART1.o)
 .debug_info    0x0000541b     0x180b ../../../../Eco.UART1/BuildFiles/EcoOS/arm-v7m/StaticDebug/libB40E129B56624BD7B5F8339C025F3EF0.a(CEcoUART1Device.o)
 .debug_info    0x00006c26      0x950 ../../../../Eco.ModBus1/BuildFiles/EcoOS/arm-v7m/StaticDebug/libD3D7232DDB6940469D2B535BA10E8757.a(CEcoModBus1Factory.o)
 .debug_info    0x00007576      0xe1b ../../../../Eco.ModBus1/BuildFiles/EcoOS/arm-v7m/StaticDebug/libD3D7232DDB6940469D2B535BA10E8757.a(CEcoModBus1.o)
 .debug_info    0x00008391      0xa56 ../../../../Eco.ModBus1.SL/BuildFiles/EcoOS/arm-v7m/StaticDebug/libDA26D759A46F405F9977CB5AA9153876.a(CEcoModBus1SLFactory.o)
 .debug_info    0x00008de7     0x2098 ../../../../Eco.ModBus1.SL/BuildFiles/EcoOS/arm-v7m/StaticDebug/libDA26D759A46F405F9977CB5AA9153876.a(CEcoModBus1SL.o)

.debug_abbrev   0x00000000     0x13c7
 .debug_abbrev  0x00000000      0x309 ../../../SourceFiles/EcoFirmware1.o
 .debug_abbrev  0x00000309       0xff ../../../SourceFiles/arm/startup.o
 .debug_abbrev  0x00000408      0x159 ../../../../Eco.GPIO1/BuildFiles/EcoOS/arm-v7m/StaticDebug/libA70A4C2E9C9645BD91367754D01F101F.a(CEcoGPIO1Factory.o)
 .debug_abbrev  0x00000561      0x21a ../../../../Eco.GPIO1/BuildFiles/EcoOS/arm-v7m/StaticDebug/libA70A4C2E9C9645BD91367754D01F101F.a(CEcoGPIO1.o)
 .debug_abbrev  0x0000077b      0x159 ../../../../Eco.UART1/BuildFiles/EcoOS/arm-v7m/StaticDebug/libB40E129B56624BD7B5F8339C025F3EF0.a(CEcoUART1Factory.o)
 .debug_abbrev  0x000008d4      0x19b ../../../../Eco.UART1/BuildFiles/EcoOS/arm-v7m/StaticDebug/libB40E129B56624BD7B5F8339C025F3EF0.a(CEcoUART1.o)
 .debug_abbrev  0x00000a6f      0x241 ../../../../Eco.UART1/BuildFiles/EcoOS/arm-v7m/StaticDebug/libB40E129B56624BD7B5F8339C025F3EF0.a(CEcoUART1Device.o)
 .debug_abbrev  0x00000cb0      0x153 ../../../../Eco.ModBus1/BuildFiles/EcoOS/arm-v7m/StaticDebug/libD3D7232DDB6940469D2B535BA10E8757.a(CEcoModBus1Factory.o)
 .debug_abbrev  0x00000e03      0x1f9 ../../../../Eco.ModBus1/BuildFiles/EcoOS/arm-v7m/StaticDebug/libD3D7232DDB6940469D2B535BA10E8757.a(CEcoModBus1.o)
 .debug_abbrev  0x00000ffc      0x153 ../../../../Eco.ModBus1.SL/BuildFiles/EcoOS/arm-v7m/StaticDebug/libDA26D759A46F405F9977CB5AA9153876.a(CEcoModBus1SLFactory.o)
 .debug_abbrev  0x0000114f      0x278 ../../../../Eco.ModBus1.SL/BuildFiles/EcoOS/arm-v7m/StaticDebug/libDA26D759A46F405F9977CB5AA9153876.a(CEcoModBus1SL.o)

.debug_aranges  0x00000000      0x160
 .debug_aranges
                0x00000000       0x20 ../../../SourceFiles/EcoFirmware1.o
 .debug_aranges
                0x00000020       0x20 ../../../SourceFiles/arm/startup.o
 .debug_aranges
                0x00000040       0x20 ../../../../Eco.GPIO1/BuildFiles/EcoOS/arm-v7m/StaticDebug/libA70A4C2E9C9645BD91367754D01F101F.a(CEcoGPIO1Factory.o)
 .debug_aranges
                0x00000060       0x20 ../../../../Eco.GPIO1/BuildFiles/EcoOS/arm-v7m/StaticDebug/libA70A4C2E9C9645BD91367754D01F101F.a(CEcoGPIO1.o)
 .debug_aranges
                0x00000080       0x20 ../../../../Eco.UART1/BuildFiles/EcoOS/arm-v7m/StaticDebug/libB40E129B56624BD7B5F8339C025F3EF0.a(CEcoUART1Factory.o)
 .debug_aranges
                0x000000a0       0x20 ../../../../Eco.UART1/BuildFiles/EcoOS/arm-v7m/StaticDebug/libB40E129B56624BD7B5F8339C025F3EF0.a(CEcoUART1.o)
 .debug_aranges
                0x000000c0       0x20 ../../../../Eco.UART1/BuildFiles/EcoOS/arm-v7m/StaticDebug/libB40E129B56624BD7B5F8339C025F3EF0.a(CEcoUART1Device.o)
 .debug_aranges
                0x000000e0       0x20 ../../../../Eco.ModBus1/BuildFiles/EcoOS/arm-v7m/StaticDebug/libD3D7232DDB6940469D2B535BA10E8757.a(CEcoModBus1Factory.o)
 .debug_aranges
                0x00000100       0x20 ../../../../Eco.ModBus1/BuildFiles/EcoOS/arm-v7m/StaticDebug/libD3D7232DDB6940469D2B535BA10E8757.a(CEcoModBus1.o)
 .debug_aranges
                0x00000120       0x20 ../../../../Eco.ModBus1.SL/BuildFiles/EcoOS/arm-v7m/StaticDebug/libDA26D759A46F405F9977CB5AA9153876.a(CEcoModBus1SLFactory.o)
 .debug_aranges
                0x00000140       0x20 ../../../../Eco.ModBus1.SL/BuildFiles/EcoOS/arm-v7m/StaticDebug/libDA26D759A46F405F9977CB5AA9153876.a(CEcoModBus1SL.o)

.debug_line     0x00000000     0x4609
 .debug_line    0x00000000      0xc23 ../../../SourceFiles/EcoFirmware1.o
 .debug_line    0x00000c23      0x112 ../../../SourceFiles/arm/startup.o
 .debug_line    0x00000d35      0x311 ../../../../Eco.GPIO1/BuildFiles/EcoOS/arm-v7m/StaticDebug/libA70A4C2E9C9645BD91367754D01F101F.a(CEcoGPIO1Factory.o)
 .debug_line    0x00001046      0x82c ../../../../Eco.GPIO1/BuildFiles/EcoOS/arm-v7m/StaticDebug/libA70A4C2E9C9645BD91367754D01F101F.a(CEcoGPIO1.o)
 .debug_line    0x00001872      0x315 ../../../../Eco.UART1/BuildFiles/EcoOS/arm-v7m/StaticDebug/libB40E129B56624BD7B5F8339C025F3EF0.a(CEcoUART1Factory.o)
 .debug_line    0x00001b87      0x37e ../../../../Eco.UART1/BuildFiles/EcoOS/arm-v7m/StaticDebug/libB40E129B56624BD7B5F8339C025F3EF0.a(CEcoUART1.o)
 .debug_line    0x00001f05      0x921 ../../../../Eco.UART1/BuildFiles/EcoOS/arm-v7m/StaticDebug/libB40E129B56624BD7B5F8339C025F3EF0.a(CEcoUART1Device.o)
 .debug_line    0x00002826      0x3f7 ../../../../Eco.ModBus1/BuildFiles/EcoOS/arm-v7m/StaticDebug/libD3D7232DDB6940469D2B535BA10E8757.a(CEcoModBus1Factory.o)
 .debug_line    0x00002c1d      0x658 ../../../../Eco.ModBus1/BuildFiles/EcoOS/arm-v7m/StaticDebug/libD3D7232DDB6940469D2B535BA10E8757.a(CEcoModBus1.o)
 .debug_line    0x00003275      0x54d ../../../../Eco.ModBus1.SL/BuildFiles/EcoOS/arm-v7m/StaticDebug/libDA26D759A46F405F9977CB5AA9153876.a(CEcoModBus1SLFactory.o)
 .debug_line    0x000037c2      0xe47 ../../../../Eco.ModBus1.SL/BuildFiles/EcoOS/arm-v7m/StaticDebug/libDA26D759A46F405F9977CB5AA9153876.a(CEcoModBus1SL.o)

.debug_str      0x00000000     0x2c25
 .debug_str     0x00000000     0x2c25 ../../../SourceFiles/EcoFirmware1.o
                               0x1015 (size before relaxing)
 .debug_str     0x00002c25      0x213 ../../../SourceFiles/arm/startup.o
 .debug_str     0x00002c25      0x711 ../../../../Eco.GPIO1/BuildFiles/EcoOS/arm-v7m/StaticDebug/libA70A4C2E9C9645BD91367754D01F101F.a(CEcoGPIO1Factory.o)
 .debug_str     0x00002c25      0xb32 ../../../../Eco.GPIO1/BuildFiles/EcoOS/arm-v7m/StaticDebug/libA70A4C2E9C9645BD91367754D01F101F.a(CEcoGPIO1.o)
 .debug_str     0x00002c25      0x7fb ../../../../Eco.UART1/BuildFiles/EcoOS/arm-v7m/StaticDebug/libB40E129B56624BD7B5F8339C025F3EF0.a(CEcoUART1Factory.o)
 .debug_str     0x00002c25      0x78c ../../../../Eco.UART1/BuildFiles/EcoOS/arm-v7m/StaticDebug/libB40E129B56624BD7B5F8339C025F3EF0.a(CEcoUART1.o)
 .debug_str     0x00002c25      0xf67 ../../../../Eco.UART1/BuildFiles/EcoOS/arm-v7m/StaticDebug/libB40E129B56624BD7B5F8339C025F3EF0.a(CEcoUART1Device.o)
 .debug_str     0x00002c25      0x732 ../../../../Eco.ModBus1/BuildFiles/EcoOS/arm-v7m/StaticDebug/libD3D7232DDB6940469D2B535BA10E8757.a(CEcoModBus1Factory.o)
 .debug_str     0x00002c25      0x815 ../../../../Eco.ModBus1/BuildFiles/EcoOS/arm-v7m/StaticDebug/libD3D7232DDB6940469D2B535BA10E8757.a(CEcoModBus1.o)
 .debug_str     0x00002c25      0x84a ../../../../Eco.ModBus1.SL/BuildFiles/EcoOS/arm-v7m/StaticDebug/libDA26D759A46F405F9977CB5AA9153876.a(CEcoModBus1SLFactory.o)
 .debug_str     0x00002c25     0x10ec ../../../../Eco.ModBus1.SL/BuildFiles/EcoOS/arm-v7m/StaticDebug/libDA26D759A46F405F9977CB5AA9153876.a(CEcoModBus1SL.o)

.comment        0x00000000       0x7e
 .comment       0x00000000       0x7e ../../../SourceFiles/EcoFirmware1.o
                                 0x46 (size before relaxing)
 .comment       0x0000007e       0x46 ../../../SourceFiles/arm/startup.o
 .comment       0x0000007e       0x3a /home/khdv/workspace/tools/Eco.Framework/Eco.InterfaceBus1/BuildFiles/EcoOS/arm-v7m/StaticRelease/lib00000000000000000000000042757331.a(CEcoInterfaceBus1Factory.o)
 .comment       0x0000007e       0x3a /home/khdv/workspace/tools/Eco.Framework/Eco.InterfaceBus1/BuildFiles/EcoOS/arm-v7m/StaticRelease/lib00000000000000000000000042757331.a(CEcoInterfaceBus1.o)
 .comment       0x0000007e       0x3a /home/khdv/workspace/tools/Eco.Framework/Eco.MemoryManager1/BuildFiles/EcoOS/arm-v7m/StaticRelease/lib0000000000000000000000004D656D31.a(CEcoMemoryManager1Factory.o)
 .comment       0x0000007e       0x3a /home/khdv/workspace/tools/Eco.Framework/Eco.MemoryManager1/BuildFiles/EcoOS/arm-v7m/StaticRelease/lib0000000000000000000000004D656D31.a(CEcoMemoryManager1.o)
 .comment       0x0000007e       0x3a /home/khdv/workspace/tools/Eco.Framework/Eco.MemoryManager1/BuildFiles/EcoOS/arm-v7m/StaticRelease/lib0000000000000000000000004D656D31.a(CEcoMemoryAllocator1.o)
 .comment       0x0000007e       0x46 ../../../../Eco.GPIO1/BuildFiles/EcoOS/arm-v7m/StaticDebug/libA70A4C2E9C9645BD91367754D01F101F.a(CEcoGPIO1Factory.o)
 .comment       0x0000007e       0x46 ../../../../Eco.GPIO1/BuildFiles/EcoOS/arm-v7m/StaticDebug/libA70A4C2E9C9645BD91367754D01F101F.a(CEcoGPIO1.o)
 .comment       0x0000007e       0x46 ../../../../Eco.UART1/BuildFiles/EcoOS/arm-v7m/StaticDebug/libB40E129B56624BD7B5F8339C025F3EF0.a(CEcoUART1Factory.o)
 .comment       0x0000007e       0x46 ../../../../Eco.UART1/BuildFiles/EcoOS/arm-v7m/StaticDebug/libB40E129B56624BD7B5F8339C025F3EF0.a(CEcoUART1.o)
 .comment       0x0000007e       0x46 ../../../../Eco.UART1/BuildFiles/EcoOS/arm-v7m/StaticDebug/libB40E129B56624BD7B5F8339C025F3EF0.a(CEcoUART1Device.o)
 .comment       0x0000007e       0x46 ../../../../Eco.ModBus1/BuildFiles/EcoOS/arm-v7m/StaticDebug/libD3D7232DDB6940469D2B535BA10E8757.a(CEcoModBus1Factory.o)
 .comment       0x0000007e       0x46 ../../../../Eco.ModBus1/BuildFiles/EcoOS/arm-v7m/StaticDebug/libD3D7232DDB6940469D2B535BA10E8757.a(CEcoModBus1.o)
 .comment       0x0000007e       0x46 ../../../../Eco.ModBus1.SL/BuildFiles/EcoOS/arm-v7m/StaticDebug/libDA26D759A46F405F9977CB5AA9153876.a(CEcoModBus1SLFactory.o)
 .comment       0x0000007e       0x46 ../../../../Eco.ModBus1.SL/BuildFiles/EcoOS/arm-v7m/StaticDebug/libDA26D759A46F405F9977CB5AA9153876.a(CEcoModBus1SL.o)

.debug_frame    0x00000000     0x1580
 .debug_frame   0x00000000      0x1c4 ../../../SourceFiles/EcoFirmware1.o
 .debug_frame   0x000001c4       0x4c ../../../SourceFiles/arm/startup.o
 .debug_frame   0x00000210      0x16c ../../../../Eco.GPIO1/BuildFiles/EcoOS/arm-v7m/StaticDebug/libA70A4C2E9C9645BD91367754D01F101F.a(CEcoGPIO1Factory.o)
 .debug_frame   0x0000037c      0x318 ../../../../Eco.GPIO1/BuildFiles/EcoOS/arm-v7m/StaticDebug/libA70A4C2E9C9645BD91367754D01F101F.a(CEcoGPIO1.o)
 .debug_frame   0x00000694      0x16c ../../../../Eco.UART1/BuildFiles/EcoOS/arm-v7m/StaticDebug/libB40E129B56624BD7B5F8339C025F3EF0.a(CEcoUART1Factory.o)
 .debug_frame   0x00000800      0x11c ../../../../Eco.UART1/BuildFiles/EcoOS/arm-v7m/StaticDebug/libB40E129B56624BD7B5F8339C025F3EF0.a(CEcoUART1.o)
 .debug_frame   0x0000091c      0x3d8 ../../../../Eco.UART1/BuildFiles/EcoOS/arm-v7m/StaticDebug/libB40E129B56624BD7B5F8339C025F3EF0.a(CEcoUART1Device.o)
 .debug_frame   0x00000cf4      0x148 ../../../../Eco.ModBus1/BuildFiles/EcoOS/arm-v7m/StaticDebug/libD3D7232DDB6940469D2B535BA10E8757.a(CEcoModBus1Factory.o)
 .debug_frame   0x00000e3c      0x144 ../../../../Eco.ModBus1/BuildFiles/EcoOS/arm-v7m/StaticDebug/libD3D7232DDB6940469D2B535BA10E8757.a(CEcoModBus1.o)
 .debug_frame   0x00000f80      0x148 ../../../../Eco.ModBus1.SL/BuildFiles/EcoOS/arm-v7m/StaticDebug/libDA26D759A46F405F9977CB5AA9153876.a(CEcoModBus1SLFactory.o)
 .debug_frame   0x000010c8      0x4b8 ../../../../Eco.ModBus1.SL/BuildFiles/EcoOS/arm-v7m/StaticDebug/libDA26D759A46F405F9977CB5AA9153876.a(CEcoModBus1SL.o)
